// Vitest Snapshot v1, https://vitest.dev/guide/snapshot.html

exports[`Accordion test > Should match snapshot 1`] = `
<div>
  <div>
    <h3
      class="_heading_d988dd"
    >
      Testing
    </h3>
    <div>
      <h4>
        Content
      </h4>
    </div>
  </div>
</div>
`;
