// Vitest Snapshot v1, https://vitest.dev/guide/snapshot.html

exports[`FavoriteCard > should render correctly 1`] = `
<div>
  <li>
    <img
      alt="Super Drink"
      src="https://localhost:3000/drink/11118.jpg"
    />
    <div>
      <a
        href="/drink/11118"
      >
        <h3>
          Super Drink
        </h3>
      </a>
      <p
        class="extra-info"
      >
        Category
         - 
        Highball
      </p>
    </div>
    <button
      class="remove-favorite"
    >
      <span
        class="material-symbols-outlined"
      >
        heart_minus
      </span>
    </button>
  </li>
</div>
`;
