// Vitest Snapshot v1, https://vitest.dev/guide/snapshot.html

exports[`SearchCategory > Should match snapshot 1`] = `
<div>
  <div
    class="category-div"
  />
</div>
`;
